cve::VecDeque::<T, A>::handle_capacity_increase.assertion\
- Status: FAILURE\
- Description: "assertion failed: self.head < self.cap()"
Location: src/cve.rs

Failed Checks: assertion failed: self.head < self.cap()
